// Jest Snapshot v1, https://goo.gl/fbAQLP

exports[`mergeOptionsWithDefaults with circular references, should not infinitely recurse 1`] = `
{
  "a": 4,
  "b": {
    "c": 1,
    "d": {
      "a": 4,
      "b": [Circular],
    },
  },
}
`;
