// Jest Snapshot v1, https://goo.gl/fbAQLP

exports[`"stylelint.configFile" setting should resolve the config file using the specified path 1`] = `
[
  {
    "code": "block-no-empty",
    "codeDescription": {
      "href": "https://stylelint.io/user-guide/rules/block-no-empty",
    },
    "message": "Unexpected empty block (block-no-empty)",
    "range": {
      "end": {
        "character": 4,
        "line": 0,
      },
      "start": {
        "character": 2,
        "line": 0,
      },
    },
    "severity": 1,
    "source": "Stylelint",
  },
]
`;
