// Jest Snapshot v1, https://goo.gl/fbAQLP

exports[`Document formatting should format document using formatting options 1`] = `
"a {
	color: #fff;
}
"
`;
