// Jest Snapshot v1, https://goo.gl/fbAQLP

exports[`AutoFixModule onInitialize should return results 1`] = `
{
  "capabilities": {
    "executeCommandProvider": {
      "commands": [
        "stylelint.applyAutoFix",
      ],
    },
  },
}
`;

exports[`AutoFixModule should auto-fix documents 1`] = `
[
  {
    "changeAnnotations": undefined,
    "documentChanges": [
      {
        "edits": [
          {
            "newText": "text",
            "range": {
              "end": {
                "character": 0,
                "line": 0,
              },
              "start": {
                "character": 0,
                "line": 0,
              },
            },
          },
        ],
        "textDocument": {
          "uri": "foo",
          "version": 1,
        },
      },
    ],
  },
]
`;
