// Jest Snapshot v1, https://goo.gl/fbAQLP

exports[`Extension entry point should create a language client 1`] = `
[
  "Stylelint",
  {
    "debug": {
      "module": "mock-path",
      "options": {
        "execArgv": [
          "--nolazy",
          "--inspect=6004",
        ],
      },
    },
    "run": {
      "module": "mock-path",
    },
  },
  {
    "diagnosticCollectionName": "Stylelint",
    "documentSelector": [
      {
        "scheme": "file",
      },
      {
        "scheme": "untitled",
      },
    ],
    "synchronize": {
      "fileEvents": [
        undefined,
        undefined,
      ],
    },
  },
]
`;

exports[`Extension entry point with an active text editor, should send auto-fix commands to the language server 1`] = `
[
  "executeCommand",
  {
    "arguments": [
      {
        "uri": "file:///path/to/file.ts",
        "version": 1,
      },
    ],
    "command": "stylelint.applyAutoFix",
  },
]
`;
