// Jest Snapshot v1, https://jestjs.io/docs/snapshot-testing

exports[`findPackageRoot with custom root file should throw when encountering a file system error other than ENOENT or ENOTDIR 1`] = `"EACCES: permission denied, open 'foo/bar/baz'"`;

exports[`findPackageRoot with defaults should throw when encountering a file system error other than ENOENT or ENOTDIR 1`] = `"EACCES: permission denied, open 'foo/bar/baz'"`;
