// Jest Snapshot v1, https://jestjs.io/docs/snapshot-testing

exports[`StylelintResolver should throw on invalid custom Stylelint paths 1`] = `"Cannot find module 'cwd/does-not-exist' from 'src/utils/packages/stylelint-resolver.ts'"`;

exports[`StylelintResolver should work without a connection 1`] = `"Cannot find module './does-not-exist' from 'src/utils/packages/stylelint-resolver.ts'"`;
