// Jest Snapshot v1, https://goo.gl/fbAQLP

exports[`runProcessFindLine should throw an error if the command is not found 1`] = `"ENOENT: no such file or directory, open 'foo'"`;

exports[`runProcessFindLine should throw an error if the matcher throws an error before the process exits 1`] = `"error"`;

exports[`runProcessFindLine should throw an error when the process exits due to a signal 1`] = `"Command "foo" exited with code SIGHUP."`;

exports[`runProcessFindLine should throw an error when the process exits with a non-zero exit code 1`] = `"Command "foo" exited with code 1."`;
